// Jest Snapshot v1, https://goo.gl/fbAQLP

exports[`<App /> should render without throwing an error 1`] = `
<div
  className="app"
>
  <h1
    className="app__title"
  >
    React App - Starter
  </h1>
</div>
`;
