// Jest Snapshot v1, https://goo.gl/fbAQLP

exports[`<About /> should render without throwing an error 1`] = `
<div
  className="about"
>
  About
</div>
`;
